// Jest Snapshot v1, https://goo.gl/fbAQLP

exports[`Title корректно рендерит заголовок 'todos' 1`] = `
<div>
  <h1>
    todos
  </h1>
</div>
`;
